1
2
3
Bigger 2
Bigger 3
Bigger 4
Bigger a1
Bigger b1
Bigger c1
{toStr:FUNCTION toStr_:FUNCTION tail:FUNCTION head:FUNCTION }
[1, 2, 3, ]
