IllegalCastException: Can't cast this value to a pointer type.
