Rect(5, 5)
{print:FUNCTION x:5 y:5 a:4 b:1 }
True
