hello
world
IllegalArithmeticException: divide by zero
