Hello
OUTPUT: Hello
illegal arithmetic: divide by zero
