Before sim
During sim 
{1:{vx:0 vy:1 y:40 x:40 } 2:{vx:2 vy:0 y:40 x:30 } 3:{vx:1 vy:0 y:40 x:20 } 4:{vx:0 vy:0 y:40 x:10 } 30:{vx:1 vy:0 y:10 x:80 } 32:{vx:2 vy:2 y:10 x:60 } 17:{vx:2 vy:1 y:20 x:100 } 12:{vx:1 vy:0 y:30 x:40 } 48:{vx:1 vy:0 y:0 x:10 } 29:{vx:2 vy:0 y:10 x:90 } 33:{vx:1 vy:2 y:10 x:50 } 38:{vx:2 vy:0 y:10 x:0 } 28:{vx:0 vy:1 y:10 x:100 } 47:{vx:2 vy:0 y:0 x:20 } 31:{vx:0 vy:0 y:10 x:70 } 22:{vx:0 vy:0 y:20 x:50 } 49:{vx:0 vy:0 y:0 x:0 } 42:{vx:1 vy:2 y:0 x:70 } 41:{vx:2 vy:2 y:0 x:80 } 16:{vx:0 vy:2 y:30 x:0 } 34:{vx:0 vy:2 y:10 x:40 } n:50 43:{vx:0 vy:2 y:0 x:60 } 40:{vx:0 vy:0 y:0 x:90 } 45:{vx:1 vy:1 y:0 x:40 } 0:{vx:1 vy:1 y:40 x:50 } 6:{vx:1 vy:2 y:30 x:100 } 35:{vx:2 vy:1 y:10 x:30 } 44:{vx:2 vy:1 y:0 x:50 } 26:{vx:2 vy:1 y:20 x:10 } 24:{vx:1 vy:2 y:20 x:30 } 37:{vx:0 vy:1 y:10 x:10 } 46:{vx:0 vy:1 y:0 x:30 } 27:{vx:1 vy:1 y:20 x:0 } 13:{vx:0 vy:0 y:30 x:30 } 36:{vx:1 vy:1 y:10 x:20 } 25:{vx:0 vy:2 y:20 x:20 } 23:{vx:2 vy:2 y:20 x:40 } 39:{vx:1 vy:0 y:0 x:100 } 21:{vx:1 vy:0 y:20 x:60 } 11:{vx:2 vy:0 y:30 x:50 } 19:{vx:0 vy:1 y:20 x:80 } 18:{vx:1 vy:1 y:20 x:90 } 15:{vx:1 vy:2 y:30 x:10 } 10:{vx:0 vy:1 y:30 x:60 } 9:{vx:1 vy:1 y:30 x:70 } 8:{vx:2 vy:1 y:30 x:80 } 7:{vx:0 vy:2 y:30 x:90 } 20:{vx:2 vy:0 y:20 x:70 } 14:{vx:2 vy:2 y:30 x:20 } 5:{vx:2 vy:2 y:40 x:0 } }
In the end 
{1:{vx:0 vy:1 y:60 x:40 } 2:{vx:2 vy:0 y:40 x:70 } 3:{vx:1 vy:0 y:40 x:40 } 4:{vx:0 vy:0 y:40 x:10 } 30:{vx:1 vy:0 y:10 x:100 } 32:{vx:2 vy:2 y:50 x:100 } 17:{vx:2 vy:1 y:40 x:140 } 12:{vx:1 vy:0 y:30 x:60 } 48:{vx:1 vy:0 y:0 x:30 } 29:{vx:2 vy:0 y:10 x:130 } 33:{vx:1 vy:2 y:50 x:70 } 38:{vx:2 vy:0 y:10 x:40 } 28:{vx:0 vy:1 y:30 x:100 } 47:{vx:2 vy:0 y:0 x:60 } 31:{vx:0 vy:0 y:10 x:70 } 22:{vx:0 vy:0 y:20 x:50 } 49:{vx:0 vy:0 y:0 x:0 } 42:{vx:1 vy:2 y:40 x:90 } 41:{vx:2 vy:2 y:40 x:120 } 16:{vx:0 vy:2 y:70 x:0 } 34:{vx:0 vy:2 y:50 x:40 } n:50 43:{vx:0 vy:2 y:40 x:60 } 40:{vx:0 vy:0 y:0 x:90 } 45:{vx:1 vy:1 y:20 x:60 } 0:{vx:1 vy:1 y:60 x:70 } 6:{vx:1 vy:2 y:70 x:120 } 35:{vx:2 vy:1 y:30 x:70 } 44:{vx:2 vy:1 y:20 x:90 } 26:{vx:2 vy:1 y:40 x:50 } 24:{vx:1 vy:2 y:60 x:50 } 37:{vx:0 vy:1 y:30 x:10 } 46:{vx:0 vy:1 y:20 x:30 } 27:{vx:1 vy:1 y:40 x:20 } 13:{vx:0 vy:0 y:30 x:30 } 36:{vx:1 vy:1 y:30 x:40 } 25:{vx:0 vy:2 y:60 x:20 } 23:{vx:2 vy:2 y:60 x:80 } 39:{vx:1 vy:0 y:0 x:120 } 21:{vx:1 vy:0 y:20 x:80 } 11:{vx:2 vy:0 y:30 x:90 } 19:{vx:0 vy:1 y:40 x:80 } 18:{vx:1 vy:1 y:40 x:110 } 15:{vx:1 vy:2 y:70 x:30 } 10:{vx:0 vy:1 y:50 x:60 } 9:{vx:1 vy:1 y:50 x:90 } 8:{vx:2 vy:1 y:50 x:120 } 7:{vx:0 vy:2 y:70 x:90 } 20:{vx:2 vy:0 y:20 x:110 } 14:{vx:2 vy:2 y:70 x:60 } 5:{vx:2 vy:2 y:80 x:40 } }
